top,r
instrument,a
dir|file,d
loadICPdir,Lu-Hf
top,m
method,1
columns,"15,17,18"
top,s
standards,a
chooseStandard,2
addStandardGroup,p
addStandardsByPrefix,BP
standards,x
top,g
glass,a
chooseGlass,3
addGlassGroup,p
addGlassByPrefix,NIST612
glass,x
top,p
top,a
top,x
